1:vishal1
2:vishal1
3:vishal3
4:vishal4
5:vishal5
6:vishal6
7:vishal7
7:Test Line1
8:Test Line2
Name:Vinay
Name:Vishal
Name:Manoj
Name:Vikram
Bird:Sparrow
Bird:Pigeon
Bird:Eagle
Bird:Falcon
Bird:Parrot
Name:Ankur
Name:Hemanth
Name:Hemanth
Name:Hemanth1
Name:Santosh
Name:Satish
Name:Satish
Name:Satish
Name:Satish
Name:Ankit
Name:Ankit
Name:Ankit
Name:Aniket
Name:Aniket
Name:Aniket
Name:Aniket
